Archive member included to satisfy reference by file (symbol)

/opt/avr8-gnu-toolchain-linux_x86_64/bin/../lib/gcc/avr/7.3.0/avr5/libgcc.a(_exit.o)
                              /opt/avr8-gnu-toolchain-linux_x86_64/bin/../lib/gcc/avr/7.3.0/../../../../avr/lib/avr5/crtatmega328.o (exit)
/opt/avr8-gnu-toolchain-linux_x86_64/bin/../lib/gcc/avr/7.3.0/avr5/libgcc.a(_copy_data.o)
                              /tmp/ccOKpkjL.o (__do_copy_data)
/opt/avr8-gnu-toolchain-linux_x86_64/bin/../lib/gcc/avr/7.3.0/avr5/libgcc.a(_clear_bss.o)
                              /tmp/ccOKpkjL.o (__do_clear_bss)

Allocating common symbols
Common symbol       size              file

delete              0x1               /tmp/ccOKpkjL.o
image2              0x8               /tmp/ccOKpkjL.o
image               0x8               /tmp/ccOKpkjL.o
penY                0x1               /tmp/ccOKpkjL.o
penX                0x1               /tmp/ccOKpkjL.o
image2_buff         0x8               /tmp/ccOKpkjL.o
record              0x1               /tmp/ccOKpkjL.o
Flag                0x1               /tmp/ccOKpkjL.o

Memory Configuration

Name             Origin             Length             Attributes
text             0x0000000000000000 0x0000000000008000 xr
data             0x0000000000800100 0x0000000000000800 rw !x
eeprom           0x0000000000810000 0x0000000000000400 rw !x
fuse             0x0000000000820000 0x0000000000000003 rw !x
lock             0x0000000000830000 0x0000000000000400 rw !x
signature        0x0000000000840000 0x0000000000000400 rw !x
user_signatures  0x0000000000850000 0x0000000000000400 rw !x
*default*        0x0000000000000000 0xffffffffffffffff

Linker script and memory map

Address of section .data set to 0x800100
LOAD /opt/avr8-gnu-toolchain-linux_x86_64/bin/../lib/gcc/avr/7.3.0/../../../../avr/lib/avr5/crtatmega328.o
LOAD /tmp/ccOKpkjL.o
LOAD /tmp/cc8tqVHG.o
LOAD /tmp/ccUFk6j9.o
START GROUP
LOAD /opt/avr8-gnu-toolchain-linux_x86_64/bin/../lib/gcc/avr/7.3.0/avr5/libgcc.a
LOAD /opt/avr8-gnu-toolchain-linux_x86_64/bin/../lib/gcc/avr/7.3.0/../../../../avr/lib/avr5/libm.a
LOAD /opt/avr8-gnu-toolchain-linux_x86_64/bin/../lib/gcc/avr/7.3.0/../../../../avr/lib/avr5/libc.a
LOAD /opt/avr8-gnu-toolchain-linux_x86_64/bin/../lib/gcc/avr/7.3.0/../../../../avr/lib/avr5/libatmega328.a
END GROUP
                0x0000000000000000                __TEXT_REGION_ORIGIN__ = DEFINED (__TEXT_REGION_ORIGIN__)?__TEXT_REGION_ORIGIN__:0x0
                [0x0000000000800100]                __DATA_REGION_ORIGIN__ = DEFINED (__DATA_REGION_ORIGIN__)?__DATA_REGION_ORIGIN__:0x800060
                [0x0000000000008000]                __TEXT_REGION_LENGTH__ = DEFINED (__TEXT_REGION_LENGTH__)?__TEXT_REGION_LENGTH__:0x20000
                [0x0000000000000800]                __DATA_REGION_LENGTH__ = DEFINED (__DATA_REGION_LENGTH__)?__DATA_REGION_LENGTH__:0xffa0
                [0x0000000000000400]                __EEPROM_REGION_LENGTH__ = DEFINED (__EEPROM_REGION_LENGTH__)?__EEPROM_REGION_LENGTH__:0x10000
                [0x0000000000000003]                __FUSE_REGION_LENGTH__ = DEFINED (__FUSE_REGION_LENGTH__)?__FUSE_REGION_LENGTH__:0x400
                0x0000000000000400                __LOCK_REGION_LENGTH__ = DEFINED (__LOCK_REGION_LENGTH__)?__LOCK_REGION_LENGTH__:0x400
                0x0000000000000400                __SIGNATURE_REGION_LENGTH__ = DEFINED (__SIGNATURE_REGION_LENGTH__)?__SIGNATURE_REGION_LENGTH__:0x400
                0x0000000000000400                __USER_SIGNATURE_REGION_LENGTH__ = DEFINED (__USER_SIGNATURE_REGION_LENGTH__)?__USER_SIGNATURE_REGION_LENGTH__:0x400

.hash
 *(.hash)

.dynsym
 *(.dynsym)

.dynstr
 *(.dynstr)

.gnu.version
 *(.gnu.version)

.gnu.version_d
 *(.gnu.version_d)

.gnu.version_r
 *(.gnu.version_r)

.rel.init
 *(.rel.init)

.rela.init
 *(.rela.init)

.rel.text
 *(.rel.text)
 *(.rel.text.*)
 *(.rel.gnu.linkonce.t*)

.rela.text
 *(.rela.text)
 *(.rela.text.*)
 *(.rela.gnu.linkonce.t*)

.rel.fini
 *(.rel.fini)

.rela.fini
 *(.rela.fini)

.rel.rodata
 *(.rel.rodata)
 *(.rel.rodata.*)
 *(.rel.gnu.linkonce.r*)

.rela.rodata
 *(.rela.rodata)
 *(.rela.rodata.*)
 *(.rela.gnu.linkonce.r*)

.rel.data
 *(.rel.data)
 *(.rel.data.*)
 *(.rel.gnu.linkonce.d*)

.rela.data
 *(.rela.data)
 *(.rela.data.*)
 *(.rela.gnu.linkonce.d*)

.rel.ctors
 *(.rel.ctors)

.rela.ctors
 *(.rela.ctors)

.rel.dtors
 *(.rel.dtors)

.rela.dtors
 *(.rela.dtors)

.rel.got
 *(.rel.got)

.rela.got
 *(.rela.got)

.rel.bss
 *(.rel.bss)

.rela.bss
 *(.rela.bss)

.rel.plt
 *(.rel.plt)

.rela.plt
 *(.rela.plt)

.text           0x0000000000000000      0x650
 *(.vectors)
 .vectors       0x0000000000000000       0x68 /opt/avr8-gnu-toolchain-linux_x86_64/bin/../lib/gcc/avr/7.3.0/../../../../avr/lib/avr5/crtatmega328.o
                0x0000000000000000                __vectors
                0x0000000000000000                __vector_default
 *(.vectors)
 *(.progmem.gcc*)
                0x0000000000000068                . = ALIGN (0x2)
                0x0000000000000068                __trampolines_start = .
 *(.trampolines)
 .trampolines   0x0000000000000068        0x0 linker stubs
 *(.trampolines*)
                0x0000000000000068                __trampolines_end = .
 *libprintf_flt.a:*(.progmem.data)
 *libc.a:*(.progmem.data)
 *(.progmem*)
                0x0000000000000068                . = ALIGN (0x2)
 *(.jumptables)
 *(.jumptables*)
 *(.lowtext)
 *(.lowtext*)
                0x0000000000000068                __ctors_start = .
 *(.ctors)
                0x0000000000000068                __ctors_end = .
                0x0000000000000068                __dtors_start = .
 *(.dtors)
                0x0000000000000068                __dtors_end = .
 SORT(*)(.ctors)
 SORT(*)(.dtors)
 *(.init0)
 .init0         0x0000000000000068        0x0 /opt/avr8-gnu-toolchain-linux_x86_64/bin/../lib/gcc/avr/7.3.0/../../../../avr/lib/avr5/crtatmega328.o
                0x0000000000000068                __init
 *(.init0)
 *(.init1)
 *(.init1)
 *(.init2)
 .init2         0x0000000000000068        0xc /opt/avr8-gnu-toolchain-linux_x86_64/bin/../lib/gcc/avr/7.3.0/../../../../avr/lib/avr5/crtatmega328.o
 *(.init2)
 *(.init3)
 *(.init3)
 *(.init4)
 .init4         0x0000000000000074       0x16 /opt/avr8-gnu-toolchain-linux_x86_64/bin/../lib/gcc/avr/7.3.0/avr5/libgcc.a(_copy_data.o)
                0x0000000000000074                __do_copy_data
 .init4         0x000000000000008a       0x10 /opt/avr8-gnu-toolchain-linux_x86_64/bin/../lib/gcc/avr/7.3.0/avr5/libgcc.a(_clear_bss.o)
                0x000000000000008a                __do_clear_bss
 *(.init4)
 *(.init5)
 *(.init5)
 *(.init6)
 *(.init6)
 *(.init7)
 *(.init7)
 *(.init8)
 *(.init8)
 *(.init9)
 .init9         0x000000000000009a        0x8 /opt/avr8-gnu-toolchain-linux_x86_64/bin/../lib/gcc/avr/7.3.0/../../../../avr/lib/avr5/crtatmega328.o
 *(.init9)
 *(.text)
 .text          0x00000000000000a2        0x4 /opt/avr8-gnu-toolchain-linux_x86_64/bin/../lib/gcc/avr/7.3.0/../../../../avr/lib/avr5/crtatmega328.o
                0x00000000000000a2                __vector_22
                0x00000000000000a2                __vector_24
                0x00000000000000a2                __vector_12
                0x00000000000000a2                __bad_interrupt
                0x00000000000000a2                __vector_6
                0x00000000000000a2                __vector_23
                0x00000000000000a2                __vector_25
                0x00000000000000a2                __vector_11
                0x00000000000000a2                __vector_13
                0x00000000000000a2                __vector_17
                0x00000000000000a2                __vector_19
                0x00000000000000a2                __vector_7
                0x00000000000000a2                __vector_5
                0x00000000000000a2                __vector_9
                0x00000000000000a2                __vector_2
                0x00000000000000a2                __vector_21
                0x00000000000000a2                __vector_15
                0x00000000000000a2                __vector_8
                0x00000000000000a2                __vector_14
                0x00000000000000a2                __vector_10
                0x00000000000000a2                __vector_16
                0x00000000000000a2                __vector_18
                0x00000000000000a2                __vector_20
 .text          0x00000000000000a6      0x208 /tmp/ccOKpkjL.o
                0x00000000000000a6                scroll
                0x00000000000000f2                diagonal_scroll
                0x000000000000013a                setupInt
                0x0000000000000162                clearImage
                0x0000000000000180                __vector_3
                0x0000000000000212                __vector_4
                0x0000000000000290                __vector_1
 .text          0x00000000000002ae      0x124 /tmp/cc8tqVHG.o
                0x00000000000002ae                send16
                0x00000000000002e6                max7219MakePacket
                0x00000000000002ec                max7219Init
                0x0000000000000354                max7219SetDisplay
                0x0000000000000360                max7219Blit
                0x00000000000003ba                max7219SetIntensity
                0x00000000000003c2                max7219SetScanLimit
                0x00000000000003ca                max7219SetDecodeFlags
 .text          0x00000000000003d2       0x18 /tmp/ccUFk6j9.o
                0x00000000000003d2                Delay
 .text          0x00000000000003ea        0x0 /opt/avr8-gnu-toolchain-linux_x86_64/bin/../lib/gcc/avr/7.3.0/avr5/libgcc.a(_exit.o)
 .text          0x00000000000003ea        0x0 /opt/avr8-gnu-toolchain-linux_x86_64/bin/../lib/gcc/avr/7.3.0/avr5/libgcc.a(_copy_data.o)
 .text          0x00000000000003ea        0x0 /opt/avr8-gnu-toolchain-linux_x86_64/bin/../lib/gcc/avr/7.3.0/avr5/libgcc.a(_clear_bss.o)
                0x00000000000003ea                . = ALIGN (0x2)
 *(.text.*)
 .text.startup  0x00000000000003ea      0x262 /tmp/ccOKpkjL.o
                0x00000000000003ea                main
 .text.libgcc.mul
                0x000000000000064c        0x0 /opt/avr8-gnu-toolchain-linux_x86_64/bin/../lib/gcc/avr/7.3.0/avr5/libgcc.a(_exit.o)
 .text.libgcc.div
                0x000000000000064c        0x0 /opt/avr8-gnu-toolchain-linux_x86_64/bin/../lib/gcc/avr/7.3.0/avr5/libgcc.a(_exit.o)
 .text.libgcc   0x000000000000064c        0x0 /opt/avr8-gnu-toolchain-linux_x86_64/bin/../lib/gcc/avr/7.3.0/avr5/libgcc.a(_exit.o)
 .text.libgcc.prologue
                0x000000000000064c        0x0 /opt/avr8-gnu-toolchain-linux_x86_64/bin/../lib/gcc/avr/7.3.0/avr5/libgcc.a(_exit.o)
 .text.libgcc.builtins
                0x000000000000064c        0x0 /opt/avr8-gnu-toolchain-linux_x86_64/bin/../lib/gcc/avr/7.3.0/avr5/libgcc.a(_exit.o)
 .text.libgcc.fmul
                0x000000000000064c        0x0 /opt/avr8-gnu-toolchain-linux_x86_64/bin/../lib/gcc/avr/7.3.0/avr5/libgcc.a(_exit.o)
 .text.libgcc.fixed
                0x000000000000064c        0x0 /opt/avr8-gnu-toolchain-linux_x86_64/bin/../lib/gcc/avr/7.3.0/avr5/libgcc.a(_exit.o)
 .text.libgcc.mul
                0x000000000000064c        0x0 /opt/avr8-gnu-toolchain-linux_x86_64/bin/../lib/gcc/avr/7.3.0/avr5/libgcc.a(_copy_data.o)
 .text.libgcc.div
                0x000000000000064c        0x0 /opt/avr8-gnu-toolchain-linux_x86_64/bin/../lib/gcc/avr/7.3.0/avr5/libgcc.a(_copy_data.o)
 .text.libgcc   0x000000000000064c        0x0 /opt/avr8-gnu-toolchain-linux_x86_64/bin/../lib/gcc/avr/7.3.0/avr5/libgcc.a(_copy_data.o)
 .text.libgcc.prologue
                0x000000000000064c        0x0 /opt/avr8-gnu-toolchain-linux_x86_64/bin/../lib/gcc/avr/7.3.0/avr5/libgcc.a(_copy_data.o)
 .text.libgcc.builtins
                0x000000000000064c        0x0 /opt/avr8-gnu-toolchain-linux_x86_64/bin/../lib/gcc/avr/7.3.0/avr5/libgcc.a(_copy_data.o)
 .text.libgcc.fmul
                0x000000000000064c        0x0 /opt/avr8-gnu-toolchain-linux_x86_64/bin/../lib/gcc/avr/7.3.0/avr5/libgcc.a(_copy_data.o)
 .text.libgcc.fixed
                0x000000000000064c        0x0 /opt/avr8-gnu-toolchain-linux_x86_64/bin/../lib/gcc/avr/7.3.0/avr5/libgcc.a(_copy_data.o)
 .text.libgcc.mul
                0x000000000000064c        0x0 /opt/avr8-gnu-toolchain-linux_x86_64/bin/../lib/gcc/avr/7.3.0/avr5/libgcc.a(_clear_bss.o)
 .text.libgcc.div
                0x000000000000064c        0x0 /opt/avr8-gnu-toolchain-linux_x86_64/bin/../lib/gcc/avr/7.3.0/avr5/libgcc.a(_clear_bss.o)
 .text.libgcc   0x000000000000064c        0x0 /opt/avr8-gnu-toolchain-linux_x86_64/bin/../lib/gcc/avr/7.3.0/avr5/libgcc.a(_clear_bss.o)
 .text.libgcc.prologue
                0x000000000000064c        0x0 /opt/avr8-gnu-toolchain-linux_x86_64/bin/../lib/gcc/avr/7.3.0/avr5/libgcc.a(_clear_bss.o)
 .text.libgcc.builtins
                0x000000000000064c        0x0 /opt/avr8-gnu-toolchain-linux_x86_64/bin/../lib/gcc/avr/7.3.0/avr5/libgcc.a(_clear_bss.o)
 .text.libgcc.fmul
                0x000000000000064c        0x0 /opt/avr8-gnu-toolchain-linux_x86_64/bin/../lib/gcc/avr/7.3.0/avr5/libgcc.a(_clear_bss.o)
 .text.libgcc.fixed
                0x000000000000064c        0x0 /opt/avr8-gnu-toolchain-linux_x86_64/bin/../lib/gcc/avr/7.3.0/avr5/libgcc.a(_clear_bss.o)
                0x000000000000064c                . = ALIGN (0x2)
 *(.fini9)
 .fini9         0x000000000000064c        0x0 /opt/avr8-gnu-toolchain-linux_x86_64/bin/../lib/gcc/avr/7.3.0/avr5/libgcc.a(_exit.o)
                0x000000000000064c                exit
                0x000000000000064c                _exit
 *(.fini9)
 *(.fini8)
 *(.fini8)
 *(.fini7)
 *(.fini7)
 *(.fini6)
 *(.fini6)
 *(.fini5)
 *(.fini5)
 *(.fini4)
 *(.fini4)
 *(.fini3)
 *(.fini3)
 *(.fini2)
 *(.fini2)
 *(.fini1)
 *(.fini1)
 *(.fini0)
 .fini0         0x000000000000064c        0x4 /opt/avr8-gnu-toolchain-linux_x86_64/bin/../lib/gcc/avr/7.3.0/avr5/libgcc.a(_exit.o)
 *(.fini0)
                0x0000000000000650                _etext = .

.data           0x0000000000800100      0x3c4 load address 0x0000000000000650
                0x0000000000800100                PROVIDE (__data_start, .)
 *(.data)
 .data          0x0000000000800100        0x0 /opt/avr8-gnu-toolchain-linux_x86_64/bin/../lib/gcc/avr/7.3.0/../../../../avr/lib/avr5/crtatmega328.o
 .data          0x0000000000800100      0x3c4 /tmp/ccOKpkjL.o
                0x0000000000800100                stateTable
 .data          0x00000000008004c4        0x0 /tmp/cc8tqVHG.o
 .data          0x00000000008004c4        0x0 /tmp/ccUFk6j9.o
 .data          0x00000000008004c4        0x0 /opt/avr8-gnu-toolchain-linux_x86_64/bin/../lib/gcc/avr/7.3.0/avr5/libgcc.a(_exit.o)
 .data          0x00000000008004c4        0x0 /opt/avr8-gnu-toolchain-linux_x86_64/bin/../lib/gcc/avr/7.3.0/avr5/libgcc.a(_copy_data.o)
 .data          0x00000000008004c4        0x0 /opt/avr8-gnu-toolchain-linux_x86_64/bin/../lib/gcc/avr/7.3.0/avr5/libgcc.a(_clear_bss.o)
 *(.data*)
 *(.gnu.linkonce.d*)
 *(.rodata)
 *(.rodata*)
 *(.gnu.linkonce.r*)
                0x00000000008004c4                . = ALIGN (0x2)
                0x00000000008004c4                _edata = .
                0x00000000008004c4                PROVIDE (__data_end, .)

.bss            0x00000000008004c4       0x1e
                0x00000000008004c4                PROVIDE (__bss_start, .)
 *(.bss)
 .bss           0x00000000008004c4        0x0 /opt/avr8-gnu-toolchain-linux_x86_64/bin/../lib/gcc/avr/7.3.0/../../../../avr/lib/avr5/crtatmega328.o
 .bss           0x00000000008004c4        0x1 /tmp/ccOKpkjL.o
                0x00000000008004c4                bounce_count
 .bss           0x00000000008004c5        0x0 /tmp/cc8tqVHG.o
 .bss           0x00000000008004c5        0x0 /tmp/ccUFk6j9.o
 .bss           0x00000000008004c5        0x0 /opt/avr8-gnu-toolchain-linux_x86_64/bin/../lib/gcc/avr/7.3.0/avr5/libgcc.a(_exit.o)
 .bss           0x00000000008004c5        0x0 /opt/avr8-gnu-toolchain-linux_x86_64/bin/../lib/gcc/avr/7.3.0/avr5/libgcc.a(_copy_data.o)
 .bss           0x00000000008004c5        0x0 /opt/avr8-gnu-toolchain-linux_x86_64/bin/../lib/gcc/avr/7.3.0/avr5/libgcc.a(_clear_bss.o)
 *(.bss*)
 *(COMMON)
 COMMON         0x00000000008004c5       0x1d /tmp/ccOKpkjL.o
                0x00000000008004c5                delete
                0x00000000008004c6                image2
                0x00000000008004ce                image
                0x00000000008004d6                penY
                0x00000000008004d7                penX
                0x00000000008004d8                image2_buff
                0x00000000008004e0                record
                0x00000000008004e1                Flag
                0x00000000008004e2                PROVIDE (__bss_end, .)
                0x0000000000000650                __data_load_start = LOADADDR (.data)
                0x0000000000000a14                __data_load_end = (__data_load_start + SIZEOF (.data))

.noinit         0x00000000008004e2        0x0
                [!provide]                        PROVIDE (__noinit_start, .)
 *(.noinit*)
                [!provide]                        PROVIDE (__noinit_end, .)
                0x00000000008004e2                _end = .
                [!provide]                        PROVIDE (__heap_start, .)

.eeprom         0x0000000000810000        0x0
 *(.eeprom*)
                0x0000000000810000                __eeprom_end = .

.fuse
 *(.fuse)
 *(.lfuse)
 *(.hfuse)
 *(.efuse)

.lock
 *(.lock*)

.signature
 *(.signature*)

.user_signatures
 *(.user_signatures*)

.stab
 *(.stab)

.stabstr
 *(.stabstr)

.stab.excl
 *(.stab.excl)

.stab.exclstr
 *(.stab.exclstr)

.stab.index
 *(.stab.index)

.stab.indexstr
 *(.stab.indexstr)

.comment        0x0000000000000000       0x30
 *(.comment)
 .comment       0x0000000000000000       0x30 /tmp/ccOKpkjL.o
                                         0x31 (size before relaxing)
 .comment       0x0000000000000030       0x31 /tmp/cc8tqVHG.o
 .comment       0x0000000000000030       0x31 /tmp/ccUFk6j9.o

.note.gnu.avr.deviceinfo
                0x0000000000000000       0x3c
 .note.gnu.avr.deviceinfo
                0x0000000000000000       0x3c /opt/avr8-gnu-toolchain-linux_x86_64/bin/../lib/gcc/avr/7.3.0/../../../../avr/lib/avr5/crtatmega328.o

.note.gnu.build-id
 *(.note.gnu.build-id)

.debug
 *(.debug)

.line
 *(.line)

.debug_srcinfo
 *(.debug_srcinfo)

.debug_sfnames
 *(.debug_sfnames)

.debug_aranges  0x0000000000000000       0x68
 *(.debug_aranges)
 .debug_aranges
                0x0000000000000000       0x28 /tmp/ccOKpkjL.o
 .debug_aranges
                0x0000000000000028       0x20 /tmp/cc8tqVHG.o
 .debug_aranges
                0x0000000000000048       0x20 /tmp/ccUFk6j9.o

.debug_pubnames
 *(.debug_pubnames)

.debug_info     0x0000000000000000     0x1309
 *(.debug_info .gnu.linkonce.wi.*)
 .debug_info    0x0000000000000000      0x5f4 /opt/avr8-gnu-toolchain-linux_x86_64/bin/../lib/gcc/avr/7.3.0/../../../../avr/lib/avr5/crtatmega328.o
 .debug_info    0x00000000000005f4      0x730 /tmp/ccOKpkjL.o
 .debug_info    0x0000000000000d24      0x558 /tmp/cc8tqVHG.o
 .debug_info    0x000000000000127c       0x8d /tmp/ccUFk6j9.o

.debug_abbrev   0x0000000000000000      0xa09
 *(.debug_abbrev)
 .debug_abbrev  0x0000000000000000      0x5a2 /opt/avr8-gnu-toolchain-linux_x86_64/bin/../lib/gcc/avr/7.3.0/../../../../avr/lib/avr5/crtatmega328.o
 .debug_abbrev  0x00000000000005a2      0x27c /tmp/ccOKpkjL.o
 .debug_abbrev  0x000000000000081e      0x18d /tmp/cc8tqVHG.o
 .debug_abbrev  0x00000000000009ab       0x5e /tmp/ccUFk6j9.o

.debug_line     0x0000000000000000      0x602
 *(.debug_line .debug_line.* .debug_line_end)
 .debug_line    0x0000000000000000       0x1a /opt/avr8-gnu-toolchain-linux_x86_64/bin/../lib/gcc/avr/7.3.0/../../../../avr/lib/avr5/crtatmega328.o
 .debug_line    0x000000000000001a      0x386 /tmp/ccOKpkjL.o
 .debug_line    0x00000000000003a0      0x1df /tmp/cc8tqVHG.o
 .debug_line    0x000000000000057f       0x83 /tmp/ccUFk6j9.o

.debug_frame    0x0000000000000000      0x21c
 *(.debug_frame)
 .debug_frame   0x0000000000000000      0x158 /tmp/ccOKpkjL.o
 .debug_frame   0x0000000000000158       0xa0 /tmp/cc8tqVHG.o
 .debug_frame   0x00000000000001f8       0x24 /tmp/ccUFk6j9.o

.debug_str      0x0000000000000000      0x4bb
 *(.debug_str)
 .debug_str     0x0000000000000000      0x208 /opt/avr8-gnu-toolchain-linux_x86_64/bin/../lib/gcc/avr/7.3.0/../../../../avr/lib/avr5/crtatmega328.o
 .debug_str     0x0000000000000208      0x234 /tmp/ccOKpkjL.o
                                        0x27c (size before relaxing)
 .debug_str     0x000000000000043c       0x6b /tmp/cc8tqVHG.o
                                        0x1e2 (size before relaxing)
 .debug_str     0x00000000000004a7       0x14 /tmp/ccUFk6j9.o
                                         0xde (size before relaxing)

.debug_loc      0x0000000000000000      0x743
 *(.debug_loc)
 .debug_loc     0x0000000000000000      0x58b /tmp/ccOKpkjL.o
 .debug_loc     0x000000000000058b      0x184 /tmp/cc8tqVHG.o
 .debug_loc     0x000000000000070f       0x34 /tmp/ccUFk6j9.o

.debug_macinfo
 *(.debug_macinfo)

.debug_weaknames
 *(.debug_weaknames)

.debug_funcnames
 *(.debug_funcnames)

.debug_typenames
 *(.debug_typenames)

.debug_varnames
 *(.debug_varnames)

.debug_pubtypes
 *(.debug_pubtypes)

.debug_ranges   0x0000000000000000       0x50
 *(.debug_ranges)
 .debug_ranges  0x0000000000000000       0x50 /tmp/ccOKpkjL.o

.debug_macro
 *(.debug_macro)
OUTPUT(main.elf elf32-avr)
LOAD linker stubs
