
main.elf:     file format elf32-avr

Sections:
Idx Name          Size      VMA       LMA       File off  Algn
  0 .data         00000000  00800100  00000370  00000404  2**0
                  CONTENTS, ALLOC, LOAD, DATA
  1 .text         00000370  00000000  00000000  00000094  2**1
                  CONTENTS, ALLOC, LOAD, READONLY, CODE
  2 .bss          00000001  00800100  00800100  00000404  2**0
                  ALLOC
  3 .stab         0000123c  00000000  00000000  00000404  2**2
                  CONTENTS, READONLY, DEBUGGING
  4 .stabstr      00000f6e  00000000  00000000  00001640  2**0
                  CONTENTS, READONLY, DEBUGGING
  5 .comment      00000011  00000000  00000000  000025ae  2**0
                  CONTENTS, READONLY
  6 .note.gnu.avr.deviceinfo 0000003c  00000000  00000000  000025c0  2**2
                  CONTENTS, READONLY
  7 .debug_info   000005f4  00000000  00000000  000025fc  2**0
                  CONTENTS, READONLY, DEBUGGING
  8 .debug_abbrev 000005a2  00000000  00000000  00002bf0  2**0
                  CONTENTS, READONLY, DEBUGGING
  9 .debug_line   0000001a  00000000  00000000  00003192  2**0
                  CONTENTS, READONLY, DEBUGGING
 10 .debug_str    00000208  00000000  00000000  000031ac  2**0
                  CONTENTS, READONLY, DEBUGGING

Disassembly of section .text:

00000000 <__vectors>:
   0:	0c 94 34 00 	jmp	0x68	; 0x68 <__ctors_end>
   4:	0c 94 e4 00 	jmp	0x1c8	; 0x1c8 <__vector_1>
   8:	0c 94 46 00 	jmp	0x8c	; 0x8c <__bad_interrupt>
   c:	0c 94 46 00 	jmp	0x8c	; 0x8c <__bad_interrupt>
  10:	0c 94 46 00 	jmp	0x8c	; 0x8c <__bad_interrupt>
  14:	0c 94 46 00 	jmp	0x8c	; 0x8c <__bad_interrupt>
  18:	0c 94 46 00 	jmp	0x8c	; 0x8c <__bad_interrupt>
  1c:	0c 94 46 00 	jmp	0x8c	; 0x8c <__bad_interrupt>
  20:	0c 94 46 00 	jmp	0x8c	; 0x8c <__bad_interrupt>
  24:	0c 94 46 00 	jmp	0x8c	; 0x8c <__bad_interrupt>
  28:	0c 94 46 00 	jmp	0x8c	; 0x8c <__bad_interrupt>
  2c:	0c 94 46 00 	jmp	0x8c	; 0x8c <__bad_interrupt>
  30:	0c 94 46 00 	jmp	0x8c	; 0x8c <__bad_interrupt>
  34:	0c 94 46 00 	jmp	0x8c	; 0x8c <__bad_interrupt>
  38:	0c 94 46 00 	jmp	0x8c	; 0x8c <__bad_interrupt>
  3c:	0c 94 46 00 	jmp	0x8c	; 0x8c <__bad_interrupt>
  40:	0c 94 46 00 	jmp	0x8c	; 0x8c <__bad_interrupt>
  44:	0c 94 46 00 	jmp	0x8c	; 0x8c <__bad_interrupt>
  48:	0c 94 46 00 	jmp	0x8c	; 0x8c <__bad_interrupt>
  4c:	0c 94 46 00 	jmp	0x8c	; 0x8c <__bad_interrupt>
  50:	0c 94 46 00 	jmp	0x8c	; 0x8c <__bad_interrupt>
  54:	0c 94 46 00 	jmp	0x8c	; 0x8c <__bad_interrupt>
  58:	0c 94 46 00 	jmp	0x8c	; 0x8c <__bad_interrupt>
  5c:	0c 94 46 00 	jmp	0x8c	; 0x8c <__bad_interrupt>
  60:	0c 94 46 00 	jmp	0x8c	; 0x8c <__bad_interrupt>
  64:	0c 94 46 00 	jmp	0x8c	; 0x8c <__bad_interrupt>

00000068 <__ctors_end>:
  68:	11 24       	eor	r1, r1
  6a:	1f be       	out	0x3f, r1	; 63
  6c:	cf ef       	ldi	r28, 0xFF	; 255
  6e:	d8 e0       	ldi	r29, 0x08	; 8
  70:	de bf       	out	0x3e, r29	; 62
  72:	cd bf       	out	0x3d, r28	; 61

00000074 <__do_clear_bss>:
  74:	21 e0       	ldi	r18, 0x01	; 1
  76:	a0 e0       	ldi	r26, 0x00	; 0
  78:	b1 e0       	ldi	r27, 0x01	; 1
  7a:	01 c0       	rjmp	.+2      	; 0x7e <.do_clear_bss_start>

0000007c <.do_clear_bss_loop>:
  7c:	1d 92       	st	X+, r1

0000007e <.do_clear_bss_start>:
  7e:	a1 30       	cpi	r26, 0x01	; 1
  80:	b2 07       	cpc	r27, r18
  82:	e1 f7       	brne	.-8      	; 0x7c <.do_clear_bss_loop>
  84:	0e 94 ff 00 	call	0x1fe	; 0x1fe <main>
  88:	0c 94 b6 01 	jmp	0x36c	; 0x36c <_exit>

0000008c <__bad_interrupt>:
  8c:	0c 94 00 00 	jmp	0	; 0x0 <__vectors>

00000090 <send16>:


// send a 16bit word, msb first
void send16 (unsigned int bits) {
  unsigned int temp;  
  CSlow();
  90:	5d 98       	cbi	0x0b, 5	; 11
  92:	40 e1       	ldi	r20, 0x10	; 16
  94:	50 e0       	ldi	r21, 0x00	; 0
  for( temp = (0x0001<<15); temp != 0; temp >>= 1) {    
  96:	20 e0       	ldi	r18, 0x00	; 0
  98:	30 e8       	ldi	r19, 0x80	; 128
  9a:	0d c0       	rjmp	.+26     	; 0xb6 <send16+0x26>
    if ( (bits & temp) != 0 ) {    SendOne();
  9c:	5b 9a       	sbi	0x0b, 3	; 11
    } else {                       SendZero();
  9e:	5c 98       	cbi	0x0b, 4	; 11
  a0:	00 00       	nop
  a2:	00 00       	nop
  a4:	5c 9a       	sbi	0x0b, 4	; 11
  a6:	00 00       	nop
    }    
   NOP();
  a8:	00 00       	nop
   NOP();
  aa:	00 00       	nop

// send a 16bit word, msb first
void send16 (unsigned int bits) {
  unsigned int temp;  
  CSlow();
  for( temp = (0x0001<<15); temp != 0; temp >>= 1) {    
  ac:	36 95       	lsr	r19
  ae:	27 95       	ror	r18
  b0:	41 50       	subi	r20, 0x01	; 1
  b2:	51 09       	sbc	r21, r1
  b4:	39 f0       	breq	.+14     	; 0xc4 <send16+0x34>
    if ( (bits & temp) != 0 ) {    SendOne();
  b6:	bc 01       	movw	r22, r24
  b8:	62 23       	and	r22, r18
  ba:	73 23       	and	r23, r19
  bc:	67 2b       	or	r22, r23
  be:	71 f7       	brne	.-36     	; 0x9c <send16+0xc>
    } else {                       SendZero();
  c0:	5b 98       	cbi	0x0b, 3	; 11
  c2:	ed cf       	rjmp	.-38     	; 0x9e <send16+0xe>
    }    
   NOP();
   NOP();
  } 
  CShigh();
  c4:	5d 9a       	sbi	0x0b, 5	; 11
  c6:	08 95       	ret

000000c8 <max7219MakePacket>:
}

unsigned int max7219MakePacket(unsigned char cmd, unsigned char value) {
  return ( (cmd<<8) | (value));
  c8:	70 e0       	ldi	r23, 0x00	; 0
}
  ca:	9b 01       	movw	r18, r22
  cc:	38 2b       	or	r19, r24
  ce:	c9 01       	movw	r24, r18
  d0:	08 95       	ret

000000d2 <max7219Init>:


void max7219Init( ) { 
   send16(max7219MakePacket(cmdPOWER,  0x01));   // wakeup
  d2:	81 e0       	ldi	r24, 0x01	; 1
  d4:	9c e0       	ldi	r25, 0x0C	; 12
  d6:	0e 94 48 00 	call	0x90	; 0x90 <send16>
   send16(max7219MakePacket(cmdTEST,   0x00));   // no test mode   
  da:	80 e0       	ldi	r24, 0x00	; 0
  dc:	9d e0       	ldi	r25, 0x0D	; 13
  de:	0e 94 48 00 	call	0x90	; 0x90 <send16>
   send16(max7219MakePacket(cmdINT,    0x07)); // 1/2 brightness (8/15)     
  e2:	87 e0       	ldi	r24, 0x07	; 7
  e4:	9a e0       	ldi	r25, 0x0A	; 10
  e6:	0e 94 48 00 	call	0x90	; 0x90 <send16>
   send16(max7219MakePacket(cmdSCAN,   0xFF)); // all digits
  ea:	8f ef       	ldi	r24, 0xFF	; 255
  ec:	9b e0       	ldi	r25, 0x0B	; 11
  ee:	0e 94 48 00 	call	0x90	; 0x90 <send16>
   send16(max7219MakePacket(cmdMODE,   0x00)); // no decode
  f2:	80 e0       	ldi	r24, 0x00	; 0
  f4:	99 e0       	ldi	r25, 0x09	; 9
  f6:	0e 94 48 00 	call	0x90	; 0x90 <send16>
  // send16(max7219MakePacket(cmdMODE,   0xFF));  // all decode
  
   send16(max7219MakePacket(cmdDIG0+0, 0x00)); // dots!
  fa:	80 e0       	ldi	r24, 0x00	; 0
  fc:	91 e0       	ldi	r25, 0x01	; 1
  fe:	0e 94 48 00 	call	0x90	; 0x90 <send16>
   send16(max7219MakePacket(cmdDIG0+1, 0x00)); // dots!
 102:	80 e0       	ldi	r24, 0x00	; 0
 104:	92 e0       	ldi	r25, 0x02	; 2
 106:	0e 94 48 00 	call	0x90	; 0x90 <send16>
   send16(max7219MakePacket(cmdDIG0+2, 0x00)); // dots!
 10a:	80 e0       	ldi	r24, 0x00	; 0
 10c:	93 e0       	ldi	r25, 0x03	; 3
 10e:	0e 94 48 00 	call	0x90	; 0x90 <send16>
   send16(max7219MakePacket(cmdDIG0+3, 0x00)); // dots!
 112:	80 e0       	ldi	r24, 0x00	; 0
 114:	94 e0       	ldi	r25, 0x04	; 4
 116:	0e 94 48 00 	call	0x90	; 0x90 <send16>
   send16(max7219MakePacket(cmdDIG0+4, 0xFF)); // dots!
 11a:	8f ef       	ldi	r24, 0xFF	; 255
 11c:	95 e0       	ldi	r25, 0x05	; 5
 11e:	0e 94 48 00 	call	0x90	; 0x90 <send16>
   send16(max7219MakePacket(cmdDIG0+5, 0xFF)); // dots!
 122:	8f ef       	ldi	r24, 0xFF	; 255
 124:	96 e0       	ldi	r25, 0x06	; 6
 126:	0e 94 48 00 	call	0x90	; 0x90 <send16>
   send16(max7219MakePacket(cmdDIG0+6, 0xFF)); // dots!
 12a:	8f ef       	ldi	r24, 0xFF	; 255
 12c:	97 e0       	ldi	r25, 0x07	; 7
 12e:	0e 94 48 00 	call	0x90	; 0x90 <send16>
   send16(max7219MakePacket(cmdDIG0+7, 0xFF)); // dots! 
 132:	8f ef       	ldi	r24, 0xFF	; 255
 134:	98 e0       	ldi	r25, 0x08	; 8
 136:	0c 94 48 00 	jmp	0x90	; 0x90 <send16>

0000013a <max7219SetDisplay>:
    
}

void max7219SetDisplay( unsigned char digit, unsigned char v)   { 
   digit &= 0x07;
   send16(max7219MakePacket(cmdDIG0+digit, v));       
 13a:	87 70       	andi	r24, 0x07	; 7
 13c:	21 e0       	ldi	r18, 0x01	; 1
 13e:	28 0f       	add	r18, r24
 140:	86 2f       	mov	r24, r22
 142:	90 e0       	ldi	r25, 0x00	; 0
 144:	92 2b       	or	r25, r18
 146:	0c 94 48 00 	jmp	0x90	; 0x90 <send16>

0000014a <max7219Blit>:
}

void max7219Blit( uint8_t *i) {
 14a:	cf 93       	push	r28
 14c:	df 93       	push	r29
 14e:	ec 01       	movw	r28, r24
   send16(max7219MakePacket(cmdDIG0+0, *(i+0))); // dots!
 150:	88 81       	ld	r24, Y
 152:	90 e0       	ldi	r25, 0x00	; 0
 154:	91 60       	ori	r25, 0x01	; 1
 156:	0e 94 48 00 	call	0x90	; 0x90 <send16>
   send16(max7219MakePacket(cmdDIG0+1, *(i+1))); // dots!
 15a:	89 81       	ldd	r24, Y+1	; 0x01
 15c:	90 e0       	ldi	r25, 0x00	; 0
 15e:	92 60       	ori	r25, 0x02	; 2
 160:	0e 94 48 00 	call	0x90	; 0x90 <send16>
   send16(max7219MakePacket(cmdDIG0+2, *(i+2))); // dots!
 164:	8a 81       	ldd	r24, Y+2	; 0x02
 166:	90 e0       	ldi	r25, 0x00	; 0
 168:	93 60       	ori	r25, 0x03	; 3
 16a:	0e 94 48 00 	call	0x90	; 0x90 <send16>
   send16(max7219MakePacket(cmdDIG0+3, *(i+3))); // dots!
 16e:	8b 81       	ldd	r24, Y+3	; 0x03
 170:	90 e0       	ldi	r25, 0x00	; 0
 172:	94 60       	ori	r25, 0x04	; 4
 174:	0e 94 48 00 	call	0x90	; 0x90 <send16>
   send16(max7219MakePacket(cmdDIG0+4, *(i+4))); // dots!
 178:	8c 81       	ldd	r24, Y+4	; 0x04
 17a:	90 e0       	ldi	r25, 0x00	; 0
 17c:	95 60       	ori	r25, 0x05	; 5
 17e:	0e 94 48 00 	call	0x90	; 0x90 <send16>
   send16(max7219MakePacket(cmdDIG0+5, *(i+5))); // dots!
 182:	8d 81       	ldd	r24, Y+5	; 0x05
 184:	90 e0       	ldi	r25, 0x00	; 0
 186:	96 60       	ori	r25, 0x06	; 6
 188:	0e 94 48 00 	call	0x90	; 0x90 <send16>
   send16(max7219MakePacket(cmdDIG0+6, *(i+6))); // dots!
 18c:	8e 81       	ldd	r24, Y+6	; 0x06
 18e:	90 e0       	ldi	r25, 0x00	; 0
 190:	97 60       	ori	r25, 0x07	; 7
 192:	0e 94 48 00 	call	0x90	; 0x90 <send16>
   send16(max7219MakePacket(cmdDIG0+7, *(i+7))); // dots! 
 196:	8f 81       	ldd	r24, Y+7	; 0x07
 198:	90 e0       	ldi	r25, 0x00	; 0
 19a:	98 60       	ori	r25, 0x08	; 8
}
 19c:	df 91       	pop	r29
 19e:	cf 91       	pop	r28
   send16(max7219MakePacket(cmdDIG0+2, *(i+2))); // dots!
   send16(max7219MakePacket(cmdDIG0+3, *(i+3))); // dots!
   send16(max7219MakePacket(cmdDIG0+4, *(i+4))); // dots!
   send16(max7219MakePacket(cmdDIG0+5, *(i+5))); // dots!
   send16(max7219MakePacket(cmdDIG0+6, *(i+6))); // dots!
   send16(max7219MakePacket(cmdDIG0+7, *(i+7))); // dots! 
 1a0:	0c 94 48 00 	jmp	0x90	; 0x90 <send16>

000001a4 <max7219SetIntensity>:
}

void max7219SetIntensity( unsigned char v)   { send16(max7219MakePacket(cmdINT, v)); }
 1a4:	90 e0       	ldi	r25, 0x00	; 0
 1a6:	9a 60       	ori	r25, 0x0A	; 10
 1a8:	0c 94 48 00 	jmp	0x90	; 0x90 <send16>

000001ac <max7219SetScanLimit>:
void max7219SetScanLimit( unsigned char v)   { send16(max7219MakePacket(cmdSCAN, v)); }
 1ac:	90 e0       	ldi	r25, 0x00	; 0
 1ae:	9b 60       	ori	r25, 0x0B	; 11
 1b0:	0c 94 48 00 	jmp	0x90	; 0x90 <send16>

000001b4 <max7219SetDecodeFlags>:
void max7219SetDecodeFlags( unsigned char v) { send16(max7219MakePacket(cmdMODE, v)); }
 1b4:	90 e0       	ldi	r25, 0x00	; 0
 1b6:	99 60       	ori	r25, 0x09	; 9
 1b8:	0c 94 48 00 	jmp	0x90	; 0x90 <send16>

000001bc <setupInt>:
}



void setupInt() {        
  EICRA = (1<<ISC10) | (1<<ISC00);  // we need to set up int0 and int1 to trigger interrupts on both edges         
 1bc:	85 e0       	ldi	r24, 0x05	; 5
 1be:	80 93 69 00 	sts	0x0069, r24	; 0x800069 <__TEXT_REGION_LENGTH__+0x7f8069>
  EIMSK = (1<<INT0) | (0<<INT1); // then enable them.
 1c2:	81 e0       	ldi	r24, 0x01	; 1
 1c4:	8d bb       	out	0x1d, r24	; 29
 1c6:	08 95       	ret

000001c8 <__vector_1>:
}
 

ISR(INT0_vect){ // the scanning produces brief pulses, we just need to know if it saw one since we last cleared the flag.
 1c8:	1f 92       	push	r1
 1ca:	0f 92       	push	r0
 1cc:	0f b6       	in	r0, 0x3f	; 63
 1ce:	0f 92       	push	r0
 1d0:	11 24       	eor	r1, r1
 1d2:	8f 93       	push	r24
   Flag = 1;
 1d4:	81 e0       	ldi	r24, 0x01	; 1
 1d6:	80 93 00 01 	sts	0x0100, r24	; 0x800100 <__DATA_REGION_ORIGIN__>
}
 1da:	8f 91       	pop	r24
 1dc:	0f 90       	pop	r0
 1de:	0f be       	out	0x3f, r0	; 63
 1e0:	0f 90       	pop	r0
 1e2:	1f 90       	pop	r1
 1e4:	18 95       	reti

000001e6 <Delay>:
 1e6:	05 c0       	rjmp	.+10     	; 0x1f2 <Delay+0xc>
 1e8:	00 00       	nop
 1ea:	61 50       	subi	r22, 0x01	; 1
 1ec:	71 09       	sbc	r23, r1
 1ee:	81 09       	sbc	r24, r1
 1f0:	91 09       	sbc	r25, r1
 1f2:	61 15       	cp	r22, r1
 1f4:	71 05       	cpc	r23, r1
 1f6:	81 05       	cpc	r24, r1
 1f8:	91 05       	cpc	r25, r1
 1fa:	b1 f7       	brne	.-20     	; 0x1e8 <Delay+0x2>
 1fc:	08 95       	ret

000001fe <main>:


void setupInt(void);


int main( void ) {
 1fe:	cf 93       	push	r28
 200:	df 93       	push	r29
 202:	cd b7       	in	r28, 0x3d	; 61
 204:	de b7       	in	r29, 0x3e	; 62
 206:	28 97       	sbiw	r28, 0x08	; 8
 208:	0f b6       	in	r0, 0x3f	; 63
 20a:	f8 94       	cli
 20c:	de bf       	out	0x3e, r29	; 62
 20e:	0f be       	out	0x3f, r0	; 63
 210:	cd bf       	out	0x3d, r28	; 61
 int8_t detX, detY;
 uint8_t step;
 

    // set up directions 
  DDRB = (OUTPUT << PB0 | OUTPUT << PB1 | INPUT << PB2 | INPUT << PB3 | INPUT << PB4 |OUTPUT << PB5 | INPUT << PB6 | INPUT << PB7);
 212:	83 e2       	ldi	r24, 0x23	; 35
 214:	84 b9       	out	0x04, r24	; 4
  DDRD = (INPUT << PD0 | INPUT << PD1 | INPUT << PD2 |OUTPUT << PD3 |OUTPUT << PD4 |OUTPUT << PD5 |OUTPUT << PD6 |INPUT << PD7);        
 216:	88 e7       	ldi	r24, 0x78	; 120
 218:	8a b9       	out	0x0a, r24	; 10
  DDRC = (INPUT << PC0 | INPUT << PC1 | INPUT << PC2 |INPUT << PC3 |INPUT << PC4 |INPUT << PC5 |INPUT << PC6 ); 
 21a:	17 b8       	out	0x07, r1	; 7
  
  max7219Init();
 21c:	0e 94 69 00 	call	0xd2	; 0xd2 <max7219Init>
}



void setupInt() {        
  EICRA = (1<<ISC10) | (1<<ISC00);  // we need to set up int0 and int1 to trigger interrupts on both edges         
 220:	85 e0       	ldi	r24, 0x05	; 5
 222:	80 93 69 00 	sts	0x0069, r24	; 0x800069 <__TEXT_REGION_LENGTH__+0x7f8069>
  EIMSK = (1<<INT0) | (0<<INT1); // then enable them.
 226:	81 e0       	ldi	r24, 0x01	; 1
 228:	8d bb       	out	0x1d, r24	; 29
  DDRD = (INPUT << PD0 | INPUT << PD1 | INPUT << PD2 |OUTPUT << PD3 |OUTPUT << PD4 |OUTPUT << PD5 |OUTPUT << PD6 |INPUT << PD7);        
  DDRC = (INPUT << PC0 | INPUT << PC1 | INPUT << PC2 |INPUT << PC3 |INPUT << PC4 |INPUT << PC5 |INPUT << PC6 ); 
  
  max7219Init();
  setupInt();
  sei(); 
 22a:	78 94       	sei

  penX = penY = 0;
 22c:	a1 2c       	mov	r10, r1
 22e:	b1 2c       	mov	r11, r1
 230:	8e 01       	movw	r16, r28
 232:	07 5f       	subi	r16, 0xF7	; 247
 234:	1f 4f       	sbci	r17, 0xFF	; 255
  
  
  
  SetBit(6, PORTD);// started scan
  
  for( i = 0; i < 8; i++) image[i] = 0xFF; // set all leds, to search for ANY pixel.
 236:	77 24       	eor	r7, r7
 238:	7a 94       	dec	r7
      for( y = 0; y < 8; y++ ) {
	image[y] = 0x00;
	for(x = 0; x < 8; x++ ) {
          c--;
          image[y] |= (i<<x);
	  i = (c==0)?0x01-i:i;
 23a:	88 24       	eor	r8, r8
 23c:	83 94       	inc	r8
   send16(max7219MakePacket(cmdINT,    0x0C)); // 1/2 brightness (C/15)     
     for( i = 0; i < 8; i++) { // clear image
       image[i] = 0x00;
     }
     
     image[penY] = (1<<penX);
 23e:	cc 24       	eor	r12, r12
 240:	c3 94       	inc	r12
 242:	d1 2c       	mov	r13, r1
  penX = penY = 0;

   
  while(1) {
  
  send16(max7219MakePacket(cmdINT,    0x07)); // 1/2 brightness (7/15)     
 244:	67 e0       	ldi	r22, 0x07	; 7
 246:	8a e0       	ldi	r24, 0x0A	; 10
 248:	0e 94 64 00 	call	0xc8	; 0xc8 <max7219MakePacket>
 24c:	0e 94 48 00 	call	0x90	; 0x90 <send16>
  detX = detY = -1;
  
  
  
  
  SetBit(6, PORTD);// started scan
 250:	5e 9a       	sbi	0x0b, 6	; 11
 252:	ce 01       	movw	r24, r28
 254:	01 96       	adiw	r24, 0x01	; 1
 256:	7c 01       	movw	r14, r24
 258:	fc 01       	movw	r30, r24
  
  for( i = 0; i < 8; i++) image[i] = 0xFF; // set all leds, to search for ANY pixel.
 25a:	71 92       	st	Z+, r7
 25c:	0e 17       	cp	r16, r30
 25e:	1f 07       	cpc	r17, r31
 260:	e1 f7       	brne	.-8      	; 0x25a <main+0x5c>
  max7219Blit( image );   
 262:	ce 01       	movw	r24, r28
 264:	01 96       	adiw	r24, 0x01	; 1
 266:	0e 94 a5 00 	call	0x14a	; 0x14a <max7219Blit>
  Delay(800); // this is a 'finish scanning and accept new data' delay
 26a:	60 e2       	ldi	r22, 0x20	; 32
 26c:	73 e0       	ldi	r23, 0x03	; 3
 26e:	80 e0       	ldi	r24, 0x00	; 0
 270:	90 e0       	ldi	r25, 0x00	; 0
 272:	0e 94 f3 00 	call	0x1e6	; 0x1e6 <Delay>
  Flag = 0;
 276:	10 92 00 01 	sts	0x0100, r1	; 0x800100 <__DATA_REGION_ORIGIN__>
  Delay(4000);
 27a:	60 ea       	ldi	r22, 0xA0	; 160
 27c:	7f e0       	ldi	r23, 0x0F	; 15
 27e:	80 e0       	ldi	r24, 0x00	; 0
 280:	90 e0       	ldi	r25, 0x00	; 0
 282:	0e 94 f3 00 	call	0x1e6	; 0x1e6 <Delay>
  
  if (Flag) { // I saws a pixel!
 286:	80 91 00 01 	lds	r24, 0x0100	; 0x800100 <__DATA_REGION_ORIGIN__>
 28a:	88 23       	and	r24, r24
 28c:	09 f4       	brne	.+2      	; 0x290 <main+0x92>
 28e:	49 c0       	rjmp	.+146    	; 0x322 <main+0x124>
 290:	86 e0       	ldi	r24, 0x06	; 6
 292:	a8 2e       	mov	r10, r24
 294:	b1 2c       	mov	r11, r1
 296:	90 e2       	ldi	r25, 0x20	; 32
 298:	99 2e       	mov	r9, r25
 29a:	61 2c       	mov	r6, r1
  detX = detY = -1;
  
  
  
  
  SetBit(6, PORTD);// started scan
 29c:	fe 01       	movw	r30, r28
 29e:	31 96       	adiw	r30, 0x01	; 1
 2a0:	29 2d       	mov	r18, r9
 2a2:	61 e0       	ldi	r22, 0x01	; 1
 2a4:	80 e0       	ldi	r24, 0x00	; 0
 2a6:	90 e0       	ldi	r25, 0x00	; 0
 2a8:	30 e0       	ldi	r19, 0x00	; 0
      c = step;
      i = 1;
      for( y = 0; y < 8; y++ ) {
	image[y] = 0x00;
	for(x = 0; x < 8; x++ ) {
          c--;
 2aa:	21 50       	subi	r18, 0x01	; 1
          image[y] |= (i<<x);
 2ac:	46 2f       	mov	r20, r22
 2ae:	08 2e       	mov	r0, r24
 2b0:	01 c0       	rjmp	.+2      	; 0x2b4 <main+0xb6>
 2b2:	44 0f       	add	r20, r20
 2b4:	0a 94       	dec	r0
 2b6:	ea f7       	brpl	.-6      	; 0x2b2 <main+0xb4>
 2b8:	34 2b       	or	r19, r20
	  i = (c==0)?0x01-i:i;
 2ba:	21 11       	cpse	r18, r1
 2bc:	04 c0       	rjmp	.+8      	; 0x2c6 <main+0xc8>
 2be:	28 2d       	mov	r18, r8
 2c0:	26 1b       	sub	r18, r22
 2c2:	62 2f       	mov	r22, r18
 2c4:	29 2d       	mov	r18, r9
 2c6:	01 96       	adiw	r24, 0x01	; 1
    for(step = 32; step != 0; step >>= 1 ) {
      c = step;
      i = 1;
      for( y = 0; y < 8; y++ ) {
	image[y] = 0x00;
	for(x = 0; x < 8; x++ ) {
 2c8:	88 30       	cpi	r24, 0x08	; 8
 2ca:	91 05       	cpc	r25, r1
 2cc:	71 f7       	brne	.-36     	; 0x2aa <main+0xac>
 2ce:	31 93       	st	Z+, r19
  
    detX = 0;
    for(step = 32; step != 0; step >>= 1 ) {
      c = step;
      i = 1;
      for( y = 0; y < 8; y++ ) {
 2d0:	0e 17       	cp	r16, r30
 2d2:	1f 07       	cpc	r17, r31
 2d4:	39 f7       	brne	.-50     	; 0x2a4 <main+0xa6>
          image[y] |= (i<<x);
	  i = (c==0)?0x01-i:i;
	  c = (c==0)?step:c;
	} 
      } 
      max7219Blit( image );   
 2d6:	ce 01       	movw	r24, r28
 2d8:	01 96       	adiw	r24, 0x01	; 1
 2da:	0e 94 a5 00 	call	0x14a	; 0x14a <max7219Blit>
      Delay(800); // this is a 'finish scanning and accept new data' delay
 2de:	60 e2       	ldi	r22, 0x20	; 32
 2e0:	73 e0       	ldi	r23, 0x03	; 3
 2e2:	80 e0       	ldi	r24, 0x00	; 0
 2e4:	90 e0       	ldi	r25, 0x00	; 0
 2e6:	0e 94 f3 00 	call	0x1e6	; 0x1e6 <Delay>
      Flag = 0;
 2ea:	10 92 00 01 	sts	0x0100, r1	; 0x800100 <__DATA_REGION_ORIGIN__>
      Delay(4000);
 2ee:	60 ea       	ldi	r22, 0xA0	; 160
 2f0:	7f e0       	ldi	r23, 0x0F	; 15
 2f2:	80 e0       	ldi	r24, 0x00	; 0
 2f4:	90 e0       	ldi	r25, 0x00	; 0
 2f6:	0e 94 f3 00 	call	0x1e6	; 0x1e6 <Delay>
      detX = Flag?(detX|step):detX;
 2fa:	80 91 00 01 	lds	r24, 0x0100	; 0x800100 <__DATA_REGION_ORIGIN__>
 2fe:	81 11       	cpse	r24, r1
 300:	69 28       	or	r6, r9
  Delay(4000);
  
  if (Flag) { // I saws a pixel!
  
    detX = 0;
    for(step = 32; step != 0; step >>= 1 ) {
 302:	96 94       	lsr	r9
 304:	81 e0       	ldi	r24, 0x01	; 1
 306:	a8 1a       	sub	r10, r24
 308:	b1 08       	sbc	r11, r1
 30a:	41 f6       	brne	.-112    	; 0x29c <main+0x9e>
      Delay(4000);
      detX = Flag?(detX|step):detX;
    }    
  
    // Then process the resulting pixel number a bit.
    penY = 7-(detX >> 3);
 30c:	86 2d       	mov	r24, r6
 30e:	85 95       	asr	r24
 310:	85 95       	asr	r24
 312:	85 95       	asr	r24
 314:	97 e0       	ldi	r25, 0x07	; 7
 316:	a9 2e       	mov	r10, r25
 318:	a8 1a       	sub	r10, r24
    penX = 7-(detX & 0x07);
 31a:	86 2d       	mov	r24, r6
 31c:	80 95       	com	r24
 31e:	87 70       	andi	r24, 0x07	; 7
 320:	b8 2e       	mov	r11, r24
  
  }   
  ClearBit(6, PORTD); // scan done.
 322:	5e 98       	cbi	0x0b, 6	; 11
   
   
   
   
   send16(max7219MakePacket(cmdINT,    0x0C)); // 1/2 brightness (C/15)     
 324:	6c e0       	ldi	r22, 0x0C	; 12
 326:	8a e0       	ldi	r24, 0x0A	; 10
 328:	0e 94 64 00 	call	0xc8	; 0xc8 <max7219MakePacket>
 32c:	0e 94 48 00 	call	0x90	; 0x90 <send16>
     for( i = 0; i < 8; i++) { // clear image
       image[i] = 0x00;
 330:	f7 01       	movw	r30, r14
 332:	11 92       	st	Z+, r1
 334:	7f 01       	movw	r14, r30
   
   
   
   
   send16(max7219MakePacket(cmdINT,    0x0C)); // 1/2 brightness (C/15)     
     for( i = 0; i < 8; i++) { // clear image
 336:	0e 17       	cp	r16, r30
 338:	1f 07       	cpc	r17, r31
 33a:	d1 f7       	brne	.-12     	; 0x330 <main+0x132>
       image[i] = 0x00;
     }
     
     image[penY] = (1<<penX);
 33c:	c6 01       	movw	r24, r12
 33e:	0b 2c       	mov	r0, r11
 340:	01 c0       	rjmp	.+2      	; 0x344 <main+0x146>
 342:	88 0f       	add	r24, r24
 344:	0a 94       	dec	r0
 346:	ea f7       	brpl	.-6      	; 0x342 <main+0x144>
 348:	e1 e0       	ldi	r30, 0x01	; 1
 34a:	f0 e0       	ldi	r31, 0x00	; 0
 34c:	ec 0f       	add	r30, r28
 34e:	fd 1f       	adc	r31, r29
 350:	ea 0d       	add	r30, r10
 352:	f1 1d       	adc	r31, r1
 354:	80 83       	st	Z, r24
     
     max7219Blit( image );   
 356:	ce 01       	movw	r24, r28
 358:	01 96       	adiw	r24, 0x01	; 1
 35a:	0e 94 a5 00 	call	0x14a	; 0x14a <max7219Blit>
     
     Delay(16000);   //<--- this is the amount of time to show the detected location before searching again.
 35e:	60 e8       	ldi	r22, 0x80	; 128
 360:	7e e3       	ldi	r23, 0x3E	; 62
 362:	80 e0       	ldi	r24, 0x00	; 0
 364:	90 e0       	ldi	r25, 0x00	; 0
 366:	0e 94 f3 00 	call	0x1e6	; 0x1e6 <Delay>
   
  }
 36a:	6c cf       	rjmp	.-296    	; 0x244 <main+0x46>

0000036c <_exit>:
 36c:	f8 94       	cli

0000036e <__stop_program>:
 36e:	ff cf       	rjmp	.-2      	; 0x36e <__stop_program>
